{
  "exclude": {
    "files": "package-lock.json|^.secrets.baseline$",
    "lines": null
  },
  "generated_at": "2024-09-11T18:38:40Z",
  "plugins_used": [
    {
      "name": "AWSKeyDetector"
    },
    {
      "name": "ArtifactoryDetector"
    },
    {
      "name": "AzureStorageKeyDetector"
    },
    {
      "base64_limit": 4.5,
      "name": "Base64HighEntropyString"
    },
    {
      "name": "BasicAuthDetector"
    },
    {
      "name": "BoxDetector"
    },
    {
      "name": "CloudantDetector"
    },
    {
      "ghe_instance": "github.ibm.com",
      "name": "GheDetector"
    },
    {
      "name": "GitHubTokenDetector"
    },
    {
      "hex_limit": 3,
      "name": "HexHighEntropyString"
    },
    {
      "name": "IbmCloudIamDetector"
    },
    {
      "name": "IbmCosHmacDetector"
    },
    {
      "name": "JwtTokenDetector"
    },
    {
      "keyword_exclude": null,
      "name": "KeywordDetector"
    },
    {
      "name": "MailchimpDetector"
    },
    {
      "name": "NpmDetector"
    },
    {
      "name": "PrivateKeyDetector"
    },
    {
      "name": "SlackDetector"
    },
    {
      "name": "SoftlayerDetector"
    },
    {
      "name": "SquareOAuthDetector"
    },
    {
      "name": "StripeDetector"
    },
    {
      "name": "TwilioKeyDetector"
    }
  ],
  "results": {
    "content/labs/EIS/101.md": [
      {
        "hashed_secret": "bc2f74c22f98f7b6ffbc2f67453dbfa99bce9a32",
        "is_secret": false,
        "is_verified": false,
        "line_number": 19,
        "type": "Secret Keyword",
        "verified_result": null
      }
    ],
    "content/labs/EIS/102.es.md": [
      {
        "hashed_secret": "bc2f74c22f98f7b6ffbc2f67453dbfa99bce9a32",
        "is_secret": false,
        "is_verified": false,
        "line_number": 16,
        "type": "Secret Keyword",
        "verified_result": null
      }
    ],
    "content/labs/EIS/102.md": [
      {
        "hashed_secret": "bc2f74c22f98f7b6ffbc2f67453dbfa99bce9a32",
        "is_secret": false,
        "is_verified": false,
        "line_number": 19,
        "type": "Secret Keyword",
        "verified_result": null
      }
    ],
    "content/labs/QRadar-SIEM/101.md": [
      {
        "hashed_secret": "5fdb3d6cf756dc6011599602bf39df43bf737c3c",
        "is_secret": false,
        "is_verified": false,
        "line_number": 262,
        "type": "Secret Keyword",
        "verified_result": null
      }
    ],
    "content/labs/QRadar-SIEM/105.md": [
      {
        "hashed_secret": "4181368a6b09721ac6dca6454e9e0d9b7b521d64",
        "is_secret": false,
        "is_verified": false,
        "line_number": 171,
        "type": "Secret Keyword",
        "verified_result": null
      }
    ],
    "content/labs/WKC/getting-started.es.md": [
      {
        "hashed_secret": "5f7daa7a6ca62fec4dacdbed61c504026c2770a7",
        "is_secret": false,
        "is_verified": false,
        "line_number": 452,
        "type": "Base64 High Entropy String",
        "verified_result": null
      },
      {
        "hashed_secret": "d59880cc27cafb24a997dd2ff085b21a226c2127",
        "is_secret": false,
        "is_verified": false,
        "line_number": 456,
        "type": "Hex High Entropy String",
        "verified_result": null
      },
      {
        "hashed_secret": "8a14e7f03deb89df98e939cf157e4fe8a053eeac",
        "is_secret": false,
        "is_verified": false,
        "line_number": 462,
        "type": "Hex High Entropy String",
        "verified_result": null
      }
    ],
    "content/labs/WKC/getting-started.md": [
      {
        "hashed_secret": "5f7daa7a6ca62fec4dacdbed61c504026c2770a7",
        "is_secret": false,
        "is_verified": false,
        "line_number": 528,
        "type": "Base64 High Entropy String",
        "verified_result": null
      },
      {
        "hashed_secret": "d59880cc27cafb24a997dd2ff085b21a226c2127",
        "is_secret": false,
        "is_verified": false,
        "line_number": 532,
        "type": "Hex High Entropy String",
        "verified_result": null
      },
      {
        "hashed_secret": "8a14e7f03deb89df98e939cf157e4fe8a053eeac",
        "is_secret": false,
        "is_verified": false,
        "line_number": 538,
        "type": "Hex High Entropy String",
        "verified_result": null
      }
    ],
    "content/labs/Watsonx/Orchestrate/102.md": [
      {
        "hashed_secret": "ecf727ea048d0b4ba81d0cdc94bdc4802f1eb166",
        "is_secret": false,
        "is_verified": false,
        "line_number": 126,
        "type": "Secret Keyword",
        "verified_result": null
      }
    ],
    "content/labs/Watsonx/WatsonxAI/104.es.md": [
      {
        "hashed_secret": "ebf1971e50ae03bda3d85e2c66f7716d99df343c",
        "is_secret": false,
        "is_verified": false,
        "line_number": 107,
        "type": "Secret Keyword",
        "verified_result": null
      }
    ],
    "content/labs/Watsonx/WatsonxAI/104.md": [
      {
        "hashed_secret": "ebf1971e50ae03bda3d85e2c66f7716d99df343c",
        "is_secret": false,
        "is_verified": false,
        "line_number": 111,
        "type": "Secret Keyword",
        "verified_result": null
      }
    ],
    "content/labs/Watsonx/WatsonxAI/105/langchain-intro-cloud.ipynb": [
      {
        "hashed_secret": "4ebf1339a4a37b540b0c4e646140cd7d8b2b4096",
        "is_secret": false,
        "is_verified": false,
        "line_number": 66,
        "type": "Secret Keyword",
        "verified_result": null
      },
      {
        "hashed_secret": "ba3746e719de934533bcbe2d63d2e4516d30f0a8",
        "is_secret": false,
        "is_verified": false,
        "line_number": 74,
        "type": "Secret Keyword",
        "verified_result": null
      },
      {
        "hashed_secret": "742f4c6e7a5c51cacb3e0336a061525759e3d4d6",
        "is_secret": false,
        "is_verified": false,
        "line_number": 307,
        "type": "Secret Keyword",
        "verified_result": null
      }
    ],
    "content/labs/Watsonx/WatsonxAI/105/langchain-intro.ipynb": [
      {
        "hashed_secret": "fb9ff03de3ab36577cec1e8570de75f18a0cf5b6",
        "is_secret": false,
        "is_verified": false,
        "line_number": 50,
        "type": "Secret Keyword",
        "verified_result": null
      },
      {
        "hashed_secret": "ba3746e719de934533bcbe2d63d2e4516d30f0a8",
        "is_secret": false,
        "is_verified": false,
        "line_number": 57,
        "type": "Secret Keyword",
        "verified_result": null
      },
      {
        "hashed_secret": "742f4c6e7a5c51cacb3e0336a061525759e3d4d6",
        "is_secret": false,
        "is_verified": false,
        "line_number": 291,
        "type": "Secret Keyword",
        "verified_result": null
      }
    ],
    "content/labs/Watsonx/WatsonxAI/105/langchain-summarization-cloud.ipynb": [
      {
        "hashed_secret": "4ebf1339a4a37b540b0c4e646140cd7d8b2b4096",
        "is_secret": false,
        "is_verified": false,
        "line_number": 40,
        "type": "Secret Keyword",
        "verified_result": null
      },
      {
        "hashed_secret": "ba3746e719de934533bcbe2d63d2e4516d30f0a8",
        "is_secret": false,
        "is_verified": false,
        "line_number": 47,
        "type": "Secret Keyword",
        "verified_result": null
      },
      {
        "hashed_secret": "742f4c6e7a5c51cacb3e0336a061525759e3d4d6",
        "is_secret": false,
        "is_verified": false,
        "line_number": 90,
        "type": "Secret Keyword",
        "verified_result": null
      }
    ],
    "content/labs/Watsonx/WatsonxAI/105/langchain-summarization.ipynb": [
      {
        "hashed_secret": "fb9ff03de3ab36577cec1e8570de75f18a0cf5b6",
        "is_secret": false,
        "is_verified": false,
        "line_number": 40,
        "type": "Secret Keyword",
        "verified_result": null
      },
      {
        "hashed_secret": "ba3746e719de934533bcbe2d63d2e4516d30f0a8",
        "is_secret": false,
        "is_verified": false,
        "line_number": 47,
        "type": "Secret Keyword",
        "verified_result": null
      },
      {
        "hashed_secret": "742f4c6e7a5c51cacb3e0336a061525759e3d4d6",
        "is_secret": false,
        "is_verified": false,
        "line_number": 90,
        "type": "Secret Keyword",
        "verified_result": null
      }
    ],
    "content/labs/Watsonx/WatsonxAI/files/201/notebooks/TestLLM.ipynb": [
      {
        "hashed_secret": "c745ed8634041ccc1e489c310f5b49b220c7627e",
        "is_secret": false,
        "is_verified": false,
        "line_number": 30,
        "type": "Secret Keyword",
        "verified_result": null
      }
    ],
    "content/labs/Watsonx/WatsonxAI/files/202/notebooks/Classify_notes_model_build.ipynb": [
      {
        "hashed_secret": "c0695a59778144e027dc3fa0bbdc41f0dfd64347",
        "is_secret": false,
        "is_verified": false,
        "line_number": 879,
        "type": "Hex High Entropy String",
        "verified_result": null
      },
      {
        "hashed_secret": "59dcda647f328e86d2a33b30891b997905cf6704",
        "is_secret": false,
        "is_verified": false,
        "line_number": 896,
        "type": "Hex High Entropy String",
        "verified_result": null
      },
      {
        "hashed_secret": "79a2633659b340c7c3c250eacc8d1c06a7bfc58e",
        "is_secret": false,
        "is_verified": false,
        "line_number": 906,
        "type": "Hex High Entropy String",
        "verified_result": null
      },
      {
        "hashed_secret": "2a55ac8d6050bc10a54453b07d356fb457e22e01",
        "is_secret": false,
        "is_verified": false,
        "line_number": 920,
        "type": "Hex High Entropy String",
        "verified_result": null
      },
      {
        "hashed_secret": "95dadfcaafe0f3c84dab2e8f8622d6b2c9fd8d5a",
        "is_secret": false,
        "is_verified": false,
        "line_number": 951,
        "type": "Hex High Entropy String",
        "verified_result": null
      },
      {
        "hashed_secret": "1063b69194ea1eb965646a9f461abc1bc8a23dfd",
        "is_secret": false,
        "is_verified": false,
        "line_number": 981,
        "type": "Hex High Entropy String",
        "verified_result": null
      },
      {
        "hashed_secret": "3af5028218bd573aa7564581eb568827fb47f36d",
        "is_secret": false,
        "is_verified": false,
        "line_number": 1313,
        "type": "Base64 High Entropy String",
        "verified_result": null
      }
    ],
    "content/labs/Watsonx/WatsonxAI/files/203/LangChain_Integration.ipynb": [
      {
        "hashed_secret": "ba3746e719de934533bcbe2d63d2e4516d30f0a8",
        "is_secret": false,
        "is_verified": false,
        "line_number": 133,
        "type": "Secret Keyword",
        "verified_result": null
      },
      {
        "hashed_secret": "f41044348ae250592e3a131cd50c28a25abfca4a",
        "is_secret": false,
        "is_verified": false,
        "line_number": 297,
        "type": "Secret Keyword",
        "verified_result": null
      }
    ],
    "content/labs/Watsonx/WatsonxAI/files/203/LangChain_Memory.ipynb": [
      {
        "hashed_secret": "ba3746e719de934533bcbe2d63d2e4516d30f0a8",
        "is_secret": false,
        "is_verified": false,
        "line_number": 81,
        "type": "Secret Keyword",
        "verified_result": null
      },
      {
        "hashed_secret": "f41044348ae250592e3a131cd50c28a25abfca4a",
        "is_secret": false,
        "is_verified": false,
        "line_number": 195,
        "type": "Secret Keyword",
        "verified_result": null
      }
    ],
    "content/labs/Watsonx/WatsonxAI/files/203/LangChain_Simple_RAG.ipynb": [
      {
        "hashed_secret": "c027cd0ecd4648f81e30d1a28a60e5965150104b",
        "is_secret": false,
        "is_verified": false,
        "line_number": 96,
        "type": "Secret Keyword",
        "verified_result": null
      },
      {
        "hashed_secret": "ba3746e719de934533bcbe2d63d2e4516d30f0a8",
        "is_secret": false,
        "is_verified": false,
        "line_number": 133,
        "type": "Secret Keyword",
        "verified_result": null
      }
    ],
    "content/labs/Watsonx/WatsonxAI/files/204/use_case_rag.ipynb": [
      {
        "hashed_secret": "c027cd0ecd4648f81e30d1a28a60e5965150104b",
        "is_secret": false,
        "is_verified": false,
        "line_number": 103,
        "type": "Secret Keyword",
        "verified_result": null
      },
      {
        "hashed_secret": "ba3746e719de934533bcbe2d63d2e4516d30f0a8",
        "is_secret": false,
        "is_verified": false,
        "line_number": 151,
        "type": "Secret Keyword",
        "verified_result": null
      }
    ],
    "content/labs/Watsonx/WatsonxAI/files/204/use_case_rag_web.ipynb": [
      {
        "hashed_secret": "c027cd0ecd4648f81e30d1a28a60e5965150104b",
        "is_secret": false,
        "is_verified": false,
        "line_number": 92,
        "type": "Secret Keyword",
        "verified_result": null
      },
      {
        "hashed_secret": "ba3746e719de934533bcbe2d63d2e4516d30f0a8",
        "is_secret": false,
        "is_verified": false,
        "line_number": 133,
        "type": "Secret Keyword",
        "verified_result": null
      }
    ],
    "content/labs/Watsonx/WatsonxAI/files/205/rag_elasticsearch_cloud.ipynb": [
      {
        "hashed_secret": "ba3746e719de934533bcbe2d63d2e4516d30f0a8",
        "is_secret": false,
        "is_verified": false,
        "line_number": 64,
        "type": "Secret Keyword",
        "verified_result": null
      },
      {
        "hashed_secret": "f41044348ae250592e3a131cd50c28a25abfca4a",
        "is_secret": false,
        "is_verified": false,
        "line_number": 333,
        "type": "Secret Keyword",
        "verified_result": null
      },
      {
        "hashed_secret": "c745ed8634041ccc1e489c310f5b49b220c7627e",
        "is_secret": false,
        "is_verified": false,
        "line_number": 365,
        "type": "Secret Keyword",
        "verified_result": null
      },
      {
        "hashed_secret": "595dece0b4d1ad3786209b91c42fc0c51ae5ec6b",
        "is_secret": false,
        "is_verified": false,
        "line_number": 422,
        "type": "Basic Auth Credentials",
        "verified_result": null
      },
      {
        "hashed_secret": "d6875f8556fb990d63df3bc907833dc6339f55f5",
        "is_secret": false,
        "is_verified": false,
        "line_number": 423,
        "type": "Secret Keyword",
        "verified_result": null
      }
    ],
    "content/labs/Watsonx/WatsonxAI/files/205/rag_elasticsearch_free.ipynb": [
      {
        "hashed_secret": "ba3746e719de934533bcbe2d63d2e4516d30f0a8",
        "is_secret": false,
        "is_verified": false,
        "line_number": 96,
        "type": "Secret Keyword",
        "verified_result": null
      },
      {
        "hashed_secret": "f41044348ae250592e3a131cd50c28a25abfca4a",
        "is_secret": false,
        "is_verified": false,
        "line_number": 447,
        "type": "Secret Keyword",
        "verified_result": null
      },
      {
        "hashed_secret": "697ebf063ce948b2b95d4d94969044aef7326e59",
        "is_secret": false,
        "is_verified": false,
        "line_number": 484,
        "type": "Secret Keyword",
        "verified_result": null
      },
      {
        "hashed_secret": "77c38997461ddd2da465bbbf40f1da16536c4ccf",
        "is_secret": false,
        "is_verified": false,
        "line_number": 513,
        "type": "Secret Keyword",
        "verified_result": null
      }
    ],
    "content/labs/Watsonx/WatsonxAI/files/rag-with-chromadb.ipynb": [
      {
        "hashed_secret": "6c8463cf2497b370bd2c754dc35339a37e6764ce",
        "is_secret": false,
        "is_verified": false,
        "line_number": 278,
        "type": "Secret Keyword",
        "verified_result": null
      },
      {
        "hashed_secret": "036cc5f282dc667a306b770316236414c0d06807",
        "is_secret": false,
        "is_verified": false,
        "line_number": 291,
        "type": "Secret Keyword",
        "verified_result": null
      }
    ],
    "content/labs/Watsonx/WatsonxAI/files/rag-with-discovery.ipynb": [
      {
        "hashed_secret": "4ebf1339a4a37b540b0c4e646140cd7d8b2b4096",
        "is_secret": false,
        "is_verified": false,
        "line_number": 101,
        "type": "Secret Keyword",
        "verified_result": null
      },
      {
        "hashed_secret": "c51e50630a63e51ffa39802597cc001d9965c697",
        "is_secret": false,
        "is_verified": false,
        "line_number": 193,
        "type": "Secret Keyword",
        "verified_result": null
      },
      {
        "hashed_secret": "a63450cba9f3c831e1613e27055eb68d721a77a9",
        "is_secret": false,
        "is_verified": false,
        "line_number": 197,
        "type": "Secret Keyword",
        "verified_result": null
      }
    ],
    "content/labs/Watsonx/WatsonxAI/files/rest-api-es.ipynb": [
      {
        "hashed_secret": "cf6f94c438cce1b985e340b45cb3afb9eca7f78e",
        "is_secret": false,
        "is_verified": false,
        "line_number": 65,
        "type": "Secret Keyword",
        "verified_result": null
      },
      {
        "hashed_secret": "036cc5f282dc667a306b770316236414c0d06807",
        "is_secret": false,
        "is_verified": false,
        "line_number": 76,
        "type": "Secret Keyword",
        "verified_result": null
      },
      {
        "hashed_secret": "ba3746e719de934533bcbe2d63d2e4516d30f0a8",
        "is_secret": false,
        "is_verified": false,
        "line_number": 197,
        "type": "Secret Keyword",
        "verified_result": null
      },
      {
        "hashed_secret": "742f4c6e7a5c51cacb3e0336a061525759e3d4d6",
        "is_secret": false,
        "is_verified": false,
        "line_number": 249,
        "type": "Secret Keyword",
        "verified_result": null
      }
    ],
    "content/labs/Watsonx/WatsonxAI/files/rest-api.ipynb": [
      {
        "hashed_secret": "6c8463cf2497b370bd2c754dc35339a37e6764ce",
        "is_secret": false,
        "is_verified": false,
        "line_number": 65,
        "type": "Secret Keyword",
        "verified_result": null
      },
      {
        "hashed_secret": "036cc5f282dc667a306b770316236414c0d06807",
        "is_secret": false,
        "is_verified": false,
        "line_number": 76,
        "type": "Secret Keyword",
        "verified_result": null
      },
      {
        "hashed_secret": "ba3746e719de934533bcbe2d63d2e4516d30f0a8",
        "is_secret": false,
        "is_verified": false,
        "line_number": 197,
        "type": "Secret Keyword",
        "verified_result": null
      },
      {
        "hashed_secret": "742f4c6e7a5c51cacb3e0336a061525759e3d4d6",
        "is_secret": false,
        "is_verified": false,
        "line_number": 249,
        "type": "Secret Keyword",
        "verified_result": null
      }
    ],
    "content/labs/Watsonx/WatsonxData/102.md": [
      {
        "hashed_secret": "dff10d33f07b85139e31eececc886069123b59d9",
        "is_secret": false,
        "is_verified": false,
        "line_number": 24,
        "type": "Secret Keyword",
        "verified_result": null
      }
    ],
    "content/labs/Watsonx/WatsonxData/110.md": [
      {
        "hashed_secret": "5fc7d423584787c9eeab6ecc54907e1d5c9e1cb0",
        "is_secret": false,
        "is_verified": false,
        "line_number": 19,
        "type": "Secret Keyword",
        "verified_result": null
      },
      {
        "hashed_secret": "bc2f74c22f98f7b6ffbc2f67453dbfa99bce9a32",
        "is_secret": false,
        "is_verified": false,
        "line_number": 80,
        "type": "Secret Keyword",
        "verified_result": null
      }
    ],
    "content/labs/Watsonx/WatsonxData/Level-4/203.md": [
      {
        "hashed_secret": "bc2f74c22f98f7b6ffbc2f67453dbfa99bce9a32",
        "is_secret": false,
        "is_verified": false,
        "line_number": 54,
        "type": "Secret Keyword",
        "verified_result": null
      }
    ],
    "content/labs/Watsonx/WatsonxGov/Level-4/203.md": [
      {
        "hashed_secret": "d9cc4a6f930bf399f5d6247302295f76c61a6d58",
        "is_secret": false,
        "is_verified": false,
        "line_number": 141,
        "type": "Secret Keyword",
        "verified_result": null
      }
    ]
  },
  "version": "0.13.1+ibm.61.dss",
  "word_list": {
    "file": null,
    "hash": null
  }
}
